bibliophile version 0.1.0
$Id: europepmc-xml 106 2017-08-16 12:58:03Z saulius $
