./europepmc-xml: NOTE, files : 
./europepmc-xml: NOTE, search terms : IND601311758+OR+IND601311566+OR+IND601309362+OR+IND601309237
./europepmc-xml: NOTE, search term : IND601311758+OR+IND601311566+OR+IND601309362+OR+IND601309237
IND601309237
IND601309362
IND601311566
IND601311758
