--test5-option-one --test5-option-two tests/inputs/text.txt
This is a sample input
for the test-tester.
