--test6-option-one --test6-option-two tests/cases/test-tester_006.inp
This is a sample input
for the test-tester.
