--option-one --option-two tests/cases/test-tester_002.inp
This is a sample input
for the test-tester.
