tests/cases/test-tester_007.inp
This is a sample input
for the test-tester.
