NOTE, files :  'tests/cases/europepmc-json_004.inp'
NOTE, search terms : IND601309237
NOTE, search term : IND601309237
1	IND601309237
NOTE, search term : (IND601309237+OR+IND601311758+OR+IND601311566+OR+IND601309362)
4	(IND601309237+OR+IND601311758+OR+IND601311566+OR+IND601309362)
