IND601309237
IND601309362
IND601311566
IND601311758
