NOTE, files : 
NOTE, search terms : IND601309237
NOTE, search term : IND601309237
1	IND601309237
