--test2-option-one --test2-option-two tests/inputs/text.txt
This is a sample input
for the test-tester.
