--test3-option-one --test3-option-two tests/cases/test-tester_003.inp
This is a sample input
for the test-tester.
