tests/cases/test-tester_004.inp
This is a sample input
for the test-tester.
