tests/cases/test-tester_001.inp
This is a sample input
for the test-tester.
